$ bun ../scripts/e2e.mjs tests/monitors-list-sort-view.spec.ts
$ bun scripts/migrate.mjs
@nightwatch/db migrate: db migrate: done (0 applied, 22 already applied)
@nightwatch/db migrate: Exited with code 0
$ bun scripts/partitions.mjs
[partitions] ok: months ahead 3
[partitions] 15 partitions: audit_events_p202609, audit_events_p202610, audit_events_p202611, audit_events_p202612, audit_events_p202701, monitor_check_hourly_p202609, monitor_check_hourly_p202610, monitor_check_hourly_p202611, monitor_check_hourly_p202612, monitor_check_hourly_p202701, monitor_check_results_p202609, monitor_check_results_p202610, monitor_check_results_p202611, monitor_check_results_p202612, monitor_check_results_p202701
Dedicated E2E settings fixture provisioned.
[WebServer] $ bun run src/index.ts
[WebServer] {"level":30,"time":"2026-10-05T20:20:10.969Z","pid":32580,"hostname":"OB-PC-25-004.local","name":"nightwatch-worker","roles":["consumer","scheduler","monitor-scheduler","monitor-checker","audit-exporter"],"msg":"audit exporter ready"}
[WebServer] {"level":30,"time":"2026-10-05T20:20:10.970Z","pid":32580,"hostname":"OB-PC-25-004.local","name":"nightwatch-worker","roles":["consumer","scheduler","monitor-scheduler","monitor-checker","audit-exporter"],"msg":"in-app materialize worker ready"}
[WebServer] $ bun --watch src/index.ts
[WebServer] {"level":30,"time":"2026-10-05T20:20:11.523Z","pid":32583,"hostname":"OB-PC-25-004.local","name":"nightwatch-api","port":62094,"nodeEnv":"development","msg":"api listening"}
[WebServer] {"level":30,"time":"2026-10-05T20:20:11.587Z","pid":32583,"hostname":"OB-PC-25-004.local","name":"nightwatch-api","requestId":"49f3d007-2ee1-447d-97ff-3d0d631e4d6c","method":"GET","path":"/health","status":200,"durationMs":0,"msg":"request completed"}
[WebServer] $ vite
[WebServer] (node:32586) [DEP0205] DeprecationWarning: `module.register()` is deprecated. Use `module.registerHooks()` instead.
[WebServer] (Use `node --trace-deprecation ...` to show where the warning was created)

Running 10 tests using 1 worker

[WebServer] {"level":30,"time":"2026-10-05T20:20:15.090Z","pid":32583,"hostname":"OB-PC-25-004.local","name":"nightwatch-api","requestId":"416ae693-2327-42ae-a92b-4bbe1a47b396","method":"GET","path":"/api/auth/get-session","status":200,"durationMs":7,"msg":"request completed"}
[WebServer] {"level":30,"time":"2026-10-05T20:20:15.121Z","pid":32583,"hostname":"OB-PC-25-004.local","name":"nightwatch-api","requestId":"96e8dfc2-f3f3-4f50-9e47-04775ce47081","method":"GET","path":"/api/auth/get-session","status":200,"durationMs":1,"msg":"request completed"}
[WebServer] {"level":30,"time":"2026-10-05T20:20:15.311Z","pid":32583,"hostname":"OB-PC-25-004.local","name":"nightwatch-api","requestId":"0ff2af73-97e4-4eeb-bb05-3faf46d0c1dd","method":"POST","path":"/api/auth/sign-in/email","status":200,"durationMs":67,"msg":"request completed"}
[WebServer] {"level":30,"time":"2026-10-05T20:20:15.331Z","pid":32583,"hostname":"OB-PC-25-004.local","name":"nightwatch-api","requestId":"ff58765c-6d01-4ade-96e2-38279b82ec85","method":"GET","path":"/api/auth/get-session","status":200,"durationMs":5,"msg":"request completed"}
[WebServer] {"level":30,"time":"2026-10-05T20:20:15.342Z","pid":32583,"hostname":"OB-PC-25-004.local","name":"nightwatch-api","requestId":"e80e4890-dcc7-441b-aeb5-7af9419e731c","method":"GET","path":"/api/auth/get-session","status":200,"durationMs":4,"msg":"request completed"}
[WebServer] {"level":30,"time":"2026-10-05T20:20:15.347Z","pid":32583,"hostname":"OB-PC-25-004.local","name":"nightwatch-api","requestId":"d85fbc14-df8a-4832-9c2d-7ce25da08193","method":"GET","path":"/api/auth/get-session","status":200,"durationMs":3,"msg":"request completed"}
[WebServer] {"level":30,"time":"2026-10-05T20:20:15.359Z","pid":32583,"hostname":"OB-PC-25-004.local","name":"nightwatch-api","requestId":"c2d5cedc-adef-4237-a6cd-aff0e95eec14","method":"GET","path":"/api/me/context","status":200,"durationMs":9,"msg":"request completed"}
[WebServer] {"level":30,"time":"2026-10-05T20:20:15.383Z","pid":32583,"hostname":"OB-PC-25-004.local","name":"nightwatch-api","requestId":"04f78e0c-9ead-4e2a-a1ce-bd7e21f00965","method":"GET","path":"/api/organizations/:organizationId/monitors","status":200,"durationMs":21,"msg":"request completed"}
[WebServer] {"level":30,"time":"2026-10-05T20:20:15.577Z","pid":32583,"hostname":"OB-PC-25-004.local","name":"nightwatch-api","requestId":"85fbf353-4d1e-4aef-9b8f-39041c6eda5d","method":"GET","path":"/api/auth/get-session","status":200,"durationMs":4,"msg":"request completed"}
[WebServer] {"level":30,"time":"2026-10-05T20:20:15.599Z","pid":32583,"hostname":"OB-PC-25-004.local","name":"nightwatch-api","requestId":"0dae27a9-ad7a-43ec-87dc-9dc0547f6280","method":"GET","path":"/api/me/context","status":200,"durationMs":4,"msg":"request completed"}
[WebServer] {"level":30,"time":"2026-10-05T20:20:15.616Z","pid":32583,"hostname":"OB-PC-25-004.local","name":"nightwatch-api","requestId":"587cc438-5989-4902-aa99-9169c65926d2","method":"GET","path":"/api/organizations/:organizationId/monitors","status":200,"durationMs":14,"msg":"request completed"}
[WebServer] {"level":30,"time":"2026-10-05T20:20:15.628Z","pid":32583,"hostname":"OB-PC-25-004.local","name":"nightwatch-api","requestId":"20f4fc4b-db57-4f6f-abf7-e7a6d3d0e92b","method":"GET","path":"/api/auth/get-session","status":200,"durationMs":3,"msg":"request completed"}
[WebServer] {"level":30,"time":"2026-10-05T20:20:15.670Z","pid":32583,"hostname":"OB-PC-25-004.local","name":"nightwatch-api","requestId":"0638b90d-99a6-4e40-9907-31024ea61392","method":"GET","path":"/api/organizations/:organizationId/monitors/recent-events","status":200,"durationMs":16,"msg":"request completed"}
[WebServer] {"level":30,"time":"2026-10-05T20:20:15.670Z","pid":32583,"hostname":"OB-PC-25-004.local","name":"nightwatch-api","requestId":"91e06ab3-08a4-4f30-9f02-c388ed881a1e","method":"GET","path":"/api/notifications/unread-count","status":200,"durationMs":17,"msg":"request completed"}
[WebServer] {"level":30,"time":"2026-10-05T20:20:15.742Z","pid":32583,"hostname":"OB-PC-25-004.local","name":"nightwatch-api","requestId":"23fca11c-071e-48d5-907a-553ad84f9f17","method":"GET","path":"/api/organizations/:organizationId/monitors","status":200,"durationMs":15,"msg":"request completed"}
[WebServer] {"level":30,"time":"2026-10-05T20:20:16.038Z","pid":32583,"hostname":"OB-PC-25-004.local","name":"nightwatch-api","requestId":"ac9a8da3-a455-4285-b4f0-34ee64a08661","method":"GET","path":"/api/auth/get-session","status":200,"durationMs":5,"msg":"request completed"}
[WebServer] {"level":30,"time":"2026-10-05T20:20:16.044Z","pid":32583,"hostname":"OB-PC-25-004.local","name":"nightwatch-api","requestId":"66e4f64d-ce7b-4c3c-93a6-ab707412cf51","method":"GET","path":"/api/me/context","status":200,"durationMs":3,"msg":"request completed"}
[WebServer] {"level":30,"time":"2026-10-05T20:20:16.060Z","pid":32583,"hostname":"OB-PC-25-004.local","name":"nightwatch-api","requestId":"4a023573-06f2-445c-9edb-9f4463897460","method":"GET","path":"/api/organizations/:organizationId/monitors","status":200,"durationMs":14,"msg":"request completed"}
[WebServer] {"level":30,"time":"2026-10-05T20:20:16.072Z","pid":32583,"hostname":"OB-PC-25-004.local","name":"nightwatch-api","requestId":"2718012b-bc19-4f48-a3e5-a2809a93832b","method":"GET","path":"/api/auth/get-session","status":200,"durationMs":3,"msg":"request completed"}
[WebServer] {"level":30,"time":"2026-10-05T20:20:16.094Z","pid":32583,"hostname":"OB-PC-25-004.local","name":"nightwatch-api","requestId":"0a4adb07-fc05-448e-a117-6f234644a31e","method":"GET","path":"/api/organizations/:organizationId/monitors/recent-events","status":200,"durationMs":8,"msg":"request completed"}
[WebServer] {"level":30,"time":"2026-10-05T20:20:16.094Z","pid":32583,"hostname":"OB-PC-25-004.local","name":"nightwatch-api","requestId":"578321c5-682a-4ec9-8cc5-afdaa943d230","method":"GET","path":"/api/notifications/unread-count","status":200,"durationMs":9,"msg":"request completed"}
  ✓   1 [chromium] › e2e/tests/monitors-list-sort-view.spec.ts:242:1 › Overview: default order, table columns, name sort, cards, reload keeps the view (2.5s)
[WebServer] {"level":30,"time":"2026-10-05T20:20:16.423Z","pid":32583,"hostname":"OB-PC-25-004.local","name":"nightwatch-api","requestId":"f299c847-ad5f-4750-a186-51e7f07ea856","method":"GET","path":"/api/auth/get-session","status":200,"durationMs":1,"msg":"request completed"}
[WebServer] {"level":30,"time":"2026-10-05T20:20:16.445Z","pid":32583,"hostname":"OB-PC-25-004.local","name":"nightwatch-api","requestId":"e439484b-a565-4f45-8f4c-18ea062be1e1","method":"GET","path":"/api/auth/get-session","status":200,"durationMs":1,"msg":"request completed"}
[WebServer] {"level":30,"time":"2026-10-05T20:20:16.570Z","pid":32583,"hostname":"OB-PC-25-004.local","name":"nightwatch-api","requestId":"411a216d-87c7-42ad-8296-16db7a43d049","method":"POST","path":"/api/auth/sign-in/email","status":200,"durationMs":40,"msg":"request completed"}
[WebServer] {"level":30,"time":"2026-10-05T20:20:16.589Z","pid":32583,"hostname":"OB-PC-25-004.local","name":"nightwatch-api","requestId":"76cf4dbf-f406-4e81-8f6d-8ac9c572e4de","method":"GET","path":"/api/auth/get-session","status":200,"durationMs":5,"msg":"request completed"}
[WebServer] {"level":30,"time":"2026-10-05T20:20:16.598Z","pid":32583,"hostname":"OB-PC-25-004.local","name":"nightwatch-api","requestId":"a7e18740-ca21-4823-94c3-30e2533f131f","method":"GET","path":"/api/auth/get-session","status":200,"durationMs":4,"msg":"request completed"}
[WebServer] {"level":30,"time":"2026-10-05T20:20:16.604Z","pid":32583,"hostname":"OB-PC-25-004.local","name":"nightwatch-api","requestId":"b3a6e407-c5f3-46e1-8b3b-c59004592c9d","method":"GET","path":"/api/auth/get-session","status":200,"durationMs":3,"msg":"request completed"}
[WebServer] {"level":30,"time":"2026-10-05T20:20:16.609Z","pid":32583,"hostname":"OB-PC-25-004.local","name":"nightwatch-api","requestId":"92472909-d5bc-47b3-847c-f10745d11472","method":"GET","path":"/api/me/context","status":200,"durationMs":3,"msg":"request completed"}
[WebServer] {"level":30,"time":"2026-10-05T20:20:16.624Z","pid":32583,"hostname":"OB-PC-25-004.local","name":"nightwatch-api","requestId":"b35a5602-97b9-4057-ba16-4e85accb11a5","method":"GET","path":"/api/organizations/:organizationId/monitors","status":200,"durationMs":12,"msg":"request completed"}
[WebServer] {"level":30,"time":"2026-10-05T20:20:16.810Z","pid":32583,"hostname":"OB-PC-25-004.local","name":"nightwatch-api","requestId":"90a293cc-7fa6-40b1-a213-050608b45dbe","method":"GET","path":"/api/auth/get-session","status":200,"durationMs":5,"msg":"request completed"}
[WebServer] {"level":30,"time":"2026-10-05T20:20:16.835Z","pid":32583,"hostname":"OB-PC-25-004.local","name":"nightwatch-api","requestId":"d3dd6bdb-30ce-472b-8eb6-8f60344ee25a","method":"GET","path":"/api/me/context","status":200,"durationMs":4,"msg":"request completed"}
[WebServer] {"level":30,"time":"2026-10-05T20:20:16.849Z","pid":32583,"hostname":"OB-PC-25-004.local","name":"nightwatch-api","requestId":"0af052b2-7cf1-4039-8246-20dc0ace3215","method":"GET","path":"/api/organizations/:organizationId/monitors","status":200,"durationMs":12,"msg":"request completed"}
[WebServer] {"level":30,"time":"2026-10-05T20:20:16.859Z","pid":32583,"hostname":"OB-PC-25-004.local","name":"nightwatch-api","requestId":"966f4dbf-bdff-4e56-b8f7-2516155e4df1","method":"GET","path":"/api/auth/get-session","status":200,"durationMs":2,"msg":"request completed"}
[WebServer] {"level":30,"time":"2026-10-05T20:20:16.875Z","pid":32583,"hostname":"OB-PC-25-004.local","name":"nightwatch-api","requestId":"76910933-c106-4366-9893-c3192e33128a","method":"GET","path":"/api/notifications/unread-count","status":200,"durationMs":10,"msg":"request completed"}
[WebServer] {"level":30,"time":"2026-10-05T20:20:16.881Z","pid":32583,"hostname":"OB-PC-25-004.local","name":"nightwatch-api","requestId":"afb4bf59-21e7-4b2c-9c08-9646b880e7f4","method":"GET","path":"/api/organizations/:organizationId/monitors","status":200,"durationMs":15,"msg":"request completed"}
[WebServer] {"level":30,"time":"2026-10-05T20:20:16.887Z","pid":32583,"hostname":"OB-PC-25-004.local","name":"nightwatch-api","requestId":"14cc17b7-42e9-4b42-96fc-eb10dbe0c93a","method":"GET","path":"/api/organizations/:organizationId/monitors/recent-events","status":200,"durationMs":21,"msg":"request completed"}
[WebServer] {"level":30,"time":"2026-10-05T20:20:17.110Z","pid":32583,"hostname":"OB-PC-25-004.local","name":"nightwatch-api","requestId":"eb8c9c91-06ec-441e-aad9-3f92c5fb5fb7","method":"GET","path":"/api/auth/get-session","status":200,"durationMs":4,"msg":"request completed"}
[WebServer] {"level":30,"time":"2026-10-05T20:20:17.115Z","pid":32583,"hostname":"OB-PC-25-004.local","name":"nightwatch-api","requestId":"dec8bc1b-fb6d-41d8-80e6-89d0ee63a9db","method":"GET","path":"/api/me/context","status":200,"durationMs":3,"msg":"request completed"}
[WebServer] {"level":30,"time":"2026-10-05T20:20:17.131Z","pid":32583,"hostname":"OB-PC-25-004.local","name":"nightwatch-api","requestId":"242ce034-914c-43d4-8102-01c6bfb135d0","method":"GET","path":"/api/organizations/:organizationId/monitors/:monitorId","status":200,"durationMs":13,"msg":"request completed"}
[WebServer] {"level":30,"time":"2026-10-05T20:20:17.143Z","pid":32583,"hostname":"OB-PC-25-004.local","name":"nightwatch-api","requestId":"6d1dbba1-002e-456a-9bcd-58cec3b55f8e","method":"GET","path":"/api/auth/get-session","status":200,"durationMs":3,"msg":"request completed"}
[WebServer] {"level":30,"time":"2026-10-05T20:20:17.182Z","pid":32583,"hostname":"OB-PC-25-004.local","name":"nightwatch-api","requestId":"5f33ac5e-3932-41e2-af2a-53007911dd96","method":"GET","path":"/api/organizations/:organizationId/monitors/:monitorId/response-times","status":200,"durationMs":16,"msg":"request completed"}
[WebServer] {"level":30,"time":"2026-10-05T20:20:17.182Z","pid":32583,"hostname":"OB-PC-25-004.local","name":"nightwatch-api","requestId":"98eced69-f3a4-425d-a216-6a799fb92329","method":"GET","path":"/api/notifications/unread-count","status":200,"durationMs":17,"msg":"request completed"}
[WebServer] {"level":30,"time":"2026-10-05T20:20:17.183Z","pid":32583,"hostname":"OB-PC-25-004.local","name":"nightwatch-api","requestId":"6aecde09-e96b-46c7-aa22-0d883264e2b2","method":"GET","path":"/api/organizations/:organizationId/monitors","status":200,"durationMs":17,"msg":"request completed"}
[WebServer] {"level":30,"time":"2026-10-05T20:20:17.190Z","pid":32583,"hostname":"OB-PC-25-004.local","name":"nightwatch-api","requestId":"7e0cd7f9-61c3-4148-a16d-ef72eb6847bf","method":"GET","path":"/api/organizations/:organizationId/monitors/:monitorId/incidents","status":200,"durationMs":22,"msg":"request completed"}
[WebServer] {"level":30,"time":"2026-10-05T20:20:17.193Z","pid":32583,"hostname":"OB-PC-25-004.local","name":"nightwatch-api","requestId":"3a353ae8-f6cb-40c6-bf02-fa1cb2f0c230","method":"GET","path":"/api/organizations/:organizationId/notification-settings","status":200,"durationMs":9,"msg":"request completed"}
[WebServer] {"level":30,"time":"2026-10-05T20:20:17.194Z","pid":32583,"hostname":"OB-PC-25-004.local","name":"nightwatch-api","requestId":"ec8326ce-8840-47e4-92cd-c23c873da97d","method":"GET","path":"/api/organizations/:organizationId/monitors/:monitorId/checks","status":200,"durationMs":26,"msg":"request completed"}
[WebServer] {"level":30,"time":"2026-10-05T20:20:17.195Z","pid":32583,"hostname":"OB-PC-25-004.local","name":"nightwatch-api","requestId":"e9201f80-9283-4c0d-b0b1-eeffbb86cf6d","method":"GET","path":"/api/organizations/:organizationId/monitors/:monitorId/:segment","status":200,"durationMs":10,"msg":"request completed"}
[WebServer] {"level":30,"time":"2026-10-05T20:20:17.195Z","pid":32583,"hostname":"OB-PC-25-004.local","name":"nightwatch-api","requestId":"e68d03e3-5c69-429b-8039-3f7a79227d52","method":"GET","path":"/api/organizations/:organizationId/monitors/:monitorId/:segment","status":200,"durationMs":27,"msg":"request completed"}
  ✓   2 [chromium] › e2e/tests/monitors-list-sort-view.spec.ts:324:1 › Workspace section 01: SSL warning row shows issuer and expiry, down row does not (1.1s)
[WebServer] {"level":30,"time":"2026-10-05T20:20:17.549Z","pid":32583,"hostname":"OB-PC-25-004.local","name":"nightwatch-api","requestId":"7351403c-9dc6-4221-af9f-2e83fae877a7","method":"GET","path":"/api/auth/get-session","status":200,"durationMs":1,"msg":"request completed"}
[WebServer] {"level":30,"time":"2026-10-05T20:20:17.570Z","pid":32583,"hostname":"OB-PC-25-004.local","name":"nightwatch-api","requestId":"a93ffafe-32ec-4588-9333-18c019fc4090","method":"GET","path":"/api/auth/get-session","status":200,"durationMs":0,"msg":"request completed"}
[WebServer] {"level":30,"time":"2026-10-05T20:20:17.691Z","pid":32583,"hostname":"OB-PC-25-004.local","name":"nightwatch-api","requestId":"3e72a17e-8ed9-4c79-acd7-b58f63a075ef","method":"POST","path":"/api/auth/sign-in/email","status":200,"durationMs":38,"msg":"request completed"}
[WebServer] {"level":30,"time":"2026-10-05T20:20:17.709Z","pid":32583,"hostname":"OB-PC-25-004.local","name":"nightwatch-api","requestId":"69cc8da5-92e9-469f-919e-21539b07f078","method":"GET","path":"/api/auth/get-session","status":200,"durationMs":3,"msg":"request completed"}
[WebServer] {"level":30,"time":"2026-10-05T20:20:17.718Z","pid":32583,"hostname":"OB-PC-25-004.local","name":"nightwatch-api","requestId":"66f1f9e1-1cf6-441e-9717-2d308e86a8e0","method":"GET","path":"/api/auth/get-session","status":200,"durationMs":3,"msg":"request completed"}
[WebServer] {"level":30,"time":"2026-10-05T20:20:17.723Z","pid":32583,"hostname":"OB-PC-25-004.local","name":"nightwatch-api","requestId":"e31339fd-5e23-4135-8f4d-4903db1b99c5","method":"GET","path":"/api/auth/get-session","status":200,"durationMs":3,"msg":"request completed"}
[WebServer] {"level":30,"time":"2026-10-05T20:20:17.730Z","pid":32583,"hostname":"OB-PC-25-004.local","name":"nightwatch-api","requestId":"cdc641ad-aa66-4390-ac00-3b244aeb3d57","method":"GET","path":"/api/me/context","status":200,"durationMs":4,"msg":"request completed"}
[WebServer] {"level":30,"time":"2026-10-05T20:20:17.752Z","pid":32583,"hostname":"OB-PC-25-004.local","name":"nightwatch-api","requestId":"41044c05-d39e-46f4-84bc-f4b74faae5e1","method":"GET","path":"/api/organizations/:organizationId/monitors","status":200,"durationMs":20,"msg":"request completed"}
[WebServer] {"level":30,"time":"2026-10-05T20:20:17.939Z","pid":32583,"hostname":"OB-PC-25-004.local","name":"nightwatch-api","requestId":"22aa85e4-cb7c-41d4-beca-e1665e50e073","method":"GET","path":"/api/auth/get-session","status":200,"durationMs":4,"msg":"request completed"}
[WebServer] {"level":30,"time":"2026-10-05T20:20:17.961Z","pid":32583,"hostname":"OB-PC-25-004.local","name":"nightwatch-api","requestId":"0d97eadc-c6c6-4e8d-acca-91b66ddc5f95","method":"GET","path":"/api/me/context","status":200,"durationMs":4,"msg":"request completed"}
[WebServer] {"level":30,"time":"2026-10-05T20:20:17.977Z","pid":32583,"hostname":"OB-PC-25-004.local","name":"nightwatch-api","requestId":"209d1ddd-1d78-419f-a437-8730f64bdb20","method":"GET","path":"/api/organizations/:organizationId/monitors","status":200,"durationMs":14,"msg":"request completed"}
[WebServer] {"level":30,"time":"2026-10-05T20:20:17.989Z","pid":32583,"hostname":"OB-PC-25-004.local","name":"nightwatch-api","requestId":"87f2e061-35b1-465c-8210-8c3424737cda","method":"GET","path":"/api/auth/get-session","status":200,"durationMs":2,"msg":"request completed"}
[WebServer] {"level":30,"time":"2026-10-05T20:20:18.021Z","pid":32583,"hostname":"OB-PC-25-004.local","name":"nightwatch-api","requestId":"3b042467-a3a7-47e2-a790-bceb5015799f","method":"GET","path":"/api/organizations/:organizationId/monitors/recent-events","status":200,"durationMs":11,"msg":"request completed"}
[WebServer] {"level":30,"time":"2026-10-05T20:20:18.021Z","pid":32583,"hostname":"OB-PC-25-004.local","name":"nightwatch-api","requestId":"1fb9b25a-39df-49c5-8ef6-c7cb3ef77715","method":"GET","path":"/api/notifications/unread-count","status":200,"durationMs":12,"msg":"request completed"}
  ✓   3 [chromium] › e2e/tests/monitors-list-sort-view.spec.ts:394:5 › screenshots and layout, light theme › Table and Cards at desktop width (974ms)
[WebServer] {"level":30,"time":"2026-10-05T20:20:18.478Z","pid":32583,"hostname":"OB-PC-25-004.local","name":"nightwatch-api","requestId":"7d2c208d-83a3-4eb9-ac6a-f88e41793668","method":"GET","path":"/api/auth/get-session","status":200,"durationMs":1,"msg":"request completed"}
[WebServer] {"level":30,"time":"2026-10-05T20:20:18.501Z","pid":32583,"hostname":"OB-PC-25-004.local","name":"nightwatch-api","requestId":"db720809-9b7c-4328-8d54-23e567fa02ee","method":"GET","path":"/api/auth/get-session","status":200,"durationMs":0,"msg":"request completed"}
[WebServer] {"level":30,"time":"2026-10-05T20:20:18.616Z","pid":32583,"hostname":"OB-PC-25-004.local","name":"nightwatch-api","requestId":"68c672a5-8efb-4fc5-8fc8-7f9ad74ba025","method":"POST","path":"/api/auth/sign-in/email","status":200,"durationMs":37,"msg":"request completed"}
[WebServer] {"level":30,"time":"2026-10-05T20:20:18.633Z","pid":32583,"hostname":"OB-PC-25-004.local","name":"nightwatch-api","requestId":"6e86b2b9-038c-4a63-9cfd-a55281a96d11","method":"GET","path":"/api/auth/get-session","status":200,"durationMs":3,"msg":"request completed"}
[WebServer] {"level":30,"time":"2026-10-05T20:20:18.640Z","pid":32583,"hostname":"OB-PC-25-004.local","name":"nightwatch-api","requestId":"9c21f918-0e28-4290-b437-47d9cf54caa2","method":"GET","path":"/api/auth/get-session","status":200,"durationMs":2,"msg":"request completed"}
[WebServer] {"level":30,"time":"2026-10-05T20:20:18.647Z","pid":32583,"hostname":"OB-PC-25-004.local","name":"nightwatch-api","requestId":"d12dd623-c798-4c1e-b78e-c34899cf8e13","method":"GET","path":"/api/auth/get-session","status":200,"durationMs":3,"msg":"request completed"}
[WebServer] {"level":30,"time":"2026-10-05T20:20:18.652Z","pid":32583,"hostname":"OB-PC-25-004.local","name":"nightwatch-api","requestId":"d5e2801f-c468-4582-b584-d2016d064718","method":"GET","path":"/api/me/context","status":200,"durationMs":3,"msg":"request completed"}
[WebServer] {"level":30,"time":"2026-10-05T20:20:18.667Z","pid":32583,"hostname":"OB-PC-25-004.local","name":"nightwatch-api","requestId":"7858df3b-6d4d-40a9-8d63-8104b2c8e1ce","method":"GET","path":"/api/organizations/:organizationId/monitors","status":200,"durationMs":13,"msg":"request completed"}
[WebServer] {"level":30,"time":"2026-10-05T20:20:18.854Z","pid":32583,"hostname":"OB-PC-25-004.local","name":"nightwatch-api","requestId":"2884cc4f-e06e-4549-87ce-a4e85c29b915","method":"GET","path":"/api/auth/get-session","status":200,"durationMs":4,"msg":"request completed"}
[WebServer] {"level":30,"time":"2026-10-05T20:20:18.877Z","pid":32583,"hostname":"OB-PC-25-004.local","name":"nightwatch-api","requestId":"96e888de-043a-4dfd-b634-aa9113bbdf12","method":"GET","path":"/api/me/context","status":200,"durationMs":5,"msg":"request completed"}
[WebServer] {"level":30,"time":"2026-10-05T20:20:18.891Z","pid":32583,"hostname":"OB-PC-25-004.local","name":"nightwatch-api","requestId":"288d8a76-085e-42b5-a0d0-df487d823950","method":"GET","path":"/api/organizations/:organizationId/monitors","status":200,"durationMs":13,"msg":"request completed"}
[WebServer] {"level":30,"time":"2026-10-05T20:20:18.902Z","pid":32583,"hostname":"OB-PC-25-004.local","name":"nightwatch-api","requestId":"11404434-ea83-4234-92bd-961ddde1c9fe","method":"GET","path":"/api/auth/get-session","status":200,"durationMs":3,"msg":"request completed"}
[WebServer] {"level":30,"time":"2026-10-05T20:20:18.917Z","pid":32583,"hostname":"OB-PC-25-004.local","name":"nightwatch-api","requestId":"0278c242-9e2e-48ab-a6c4-bbf2db2a8af0","method":"GET","path":"/api/organizations/:organizationId/monitors/recent-events","status":200,"durationMs":9,"msg":"request completed"}
[WebServer] {"level":30,"time":"2026-10-05T20:20:18.918Z","pid":32583,"hostname":"OB-PC-25-004.local","name":"nightwatch-api","requestId":"5b42f8a2-6dbb-4162-ae02-0d9bf7cea1a2","method":"GET","path":"/api/notifications/unread-count","status":200,"durationMs":11,"msg":"request completed"}
[WebServer] {"level":30,"time":"2026-10-05T20:20:18.920Z","pid":32583,"hostname":"OB-PC-25-004.local","name":"nightwatch-api","requestId":"6b296c72-5403-4591-af63-deae3b409067","method":"GET","path":"/api/organizations/:organizationId/monitors","status":200,"durationMs":12,"msg":"request completed"}
  ✓   4 [chromium] › e2e/tests/monitors-list-sort-view.spec.ts:404:5 › screenshots and layout, light theme › section 01 at desktop width (827ms)
[WebServer] {"level":30,"time":"2026-10-05T20:20:19.306Z","pid":32583,"hostname":"OB-PC-25-004.local","name":"nightwatch-api","requestId":"24ed541c-9c8b-4803-b482-a8e0678bb690","method":"GET","path":"/api/auth/get-session","status":200,"durationMs":1,"msg":"request completed"}
[WebServer] {"level":30,"time":"2026-10-05T20:20:19.329Z","pid":32583,"hostname":"OB-PC-25-004.local","name":"nightwatch-api","requestId":"e84a2fda-82b4-41ec-a86d-cc9fc81e218f","method":"GET","path":"/api/auth/get-session","status":200,"durationMs":1,"msg":"request completed"}
[WebServer] {"level":30,"time":"2026-10-05T20:20:19.441Z","pid":32583,"hostname":"OB-PC-25-004.local","name":"nightwatch-api","requestId":"da51cd91-b33e-4bf3-8262-c895694d8193","method":"POST","path":"/api/auth/sign-in/email","status":200,"durationMs":38,"msg":"request completed"}
[WebServer] {"level":30,"time":"2026-10-05T20:20:19.458Z","pid":32583,"hostname":"OB-PC-25-004.local","name":"nightwatch-api","requestId":"1a2e4928-d1c0-4a1e-9986-fb124763594e","method":"GET","path":"/api/auth/get-session","status":200,"durationMs":3,"msg":"request completed"}
[WebServer] {"level":30,"time":"2026-10-05T20:20:19.465Z","pid":32583,"hostname":"OB-PC-25-004.local","name":"nightwatch-api","requestId":"05ff439e-a42b-4f3b-8b90-b89a35bc01c6","method":"GET","path":"/api/auth/get-session","status":200,"durationMs":2,"msg":"request completed"}
[WebServer] {"level":30,"time":"2026-10-05T20:20:19.471Z","pid":32583,"hostname":"OB-PC-25-004.local","name":"nightwatch-api","requestId":"54b85b5f-9a4d-4b95-9c95-87ce6b82e7fa","method":"GET","path":"/api/auth/get-session","status":200,"durationMs":2,"msg":"request completed"}
[WebServer] {"level":30,"time":"2026-10-05T20:20:19.477Z","pid":32583,"hostname":"OB-PC-25-004.local","name":"nightwatch-api","requestId":"b0b6fb4d-be3f-4d5f-95e2-605751067086","method":"GET","path":"/api/me/context","status":200,"durationMs":3,"msg":"request completed"}
[WebServer] {"level":30,"time":"2026-10-05T20:20:19.491Z","pid":32583,"hostname":"OB-PC-25-004.local","name":"nightwatch-api","requestId":"1c47ab2b-7fd0-4f4b-854f-fa580c4c1e76","method":"GET","path":"/api/organizations/:organizationId/monitors","status":200,"durationMs":12,"msg":"request completed"}
[WebServer] {"level":30,"time":"2026-10-05T20:20:19.675Z","pid":32583,"hostname":"OB-PC-25-004.local","name":"nightwatch-api","requestId":"ff023372-4afa-40f2-a2c8-2bb46de637f4","method":"GET","path":"/api/auth/get-session","status":200,"durationMs":3,"msg":"request completed"}
[WebServer] {"level":30,"time":"2026-10-05T20:20:19.699Z","pid":32583,"hostname":"OB-PC-25-004.local","name":"nightwatch-api","requestId":"c23222ef-bb96-4724-8030-230e6d4f7479","method":"GET","path":"/api/me/context","status":200,"durationMs":4,"msg":"request completed"}
[WebServer] {"level":30,"time":"2026-10-05T20:20:19.715Z","pid":32583,"hostname":"OB-PC-25-004.local","name":"nightwatch-api","requestId":"d8038856-7a94-45a9-8426-11c8b6e63bbb","method":"GET","path":"/api/organizations/:organizationId/monitors","status":200,"durationMs":13,"msg":"request completed"}
[WebServer] {"level":30,"time":"2026-10-05T20:20:19.727Z","pid":32583,"hostname":"OB-PC-25-004.local","name":"nightwatch-api","requestId":"5d326ce5-3bbd-48d1-b076-fcd4ac584574","method":"GET","path":"/api/auth/get-session","status":200,"durationMs":3,"msg":"request completed"}
[WebServer] {"level":30,"time":"2026-10-05T20:20:19.754Z","pid":32583,"hostname":"OB-PC-25-004.local","name":"nightwatch-api","requestId":"c33668b0-cfbb-4a66-8222-d31eac0c4b4f","method":"GET","path":"/api/organizations/:organizationId/monitors/recent-events","status":200,"durationMs":9,"msg":"request completed"}
[WebServer] {"level":30,"time":"2026-10-05T20:20:19.756Z","pid":32583,"hostname":"OB-PC-25-004.local","name":"nightwatch-api","requestId":"7d705801-5c46-4bb9-bbe3-28a597c7d554","method":"GET","path":"/api/notifications/unread-count","status":200,"durationMs":11,"msg":"request completed"}
  ✓   5 [chromium] › e2e/tests/monitors-list-sort-view.spec.ts:416:7 › screenshots and layout, light theme › 640 px viewport (LAY-02) › Table: page does not scroll sideways (810ms)
[WebServer] {"level":30,"time":"2026-10-05T20:20:20.125Z","pid":32583,"hostname":"OB-PC-25-004.local","name":"nightwatch-api","requestId":"66ddff34-a8b5-48c5-9206-32fcec7e77fc","method":"GET","path":"/api/auth/get-session","status":200,"durationMs":1,"msg":"request completed"}
[WebServer] {"level":30,"time":"2026-10-05T20:20:20.150Z","pid":32583,"hostname":"OB-PC-25-004.local","name":"nightwatch-api","requestId":"f0482d15-0f94-4557-b8cc-937db38d529d","method":"GET","path":"/api/auth/get-session","status":200,"durationMs":1,"msg":"request completed"}
[WebServer] {"level":30,"time":"2026-10-05T20:20:20.265Z","pid":32583,"hostname":"OB-PC-25-004.local","name":"nightwatch-api","requestId":"31115cf5-948d-460d-87f9-b5bba85360b1","method":"POST","path":"/api/auth/sign-in/email","status":200,"durationMs":37,"msg":"request completed"}
[WebServer] {"level":30,"time":"2026-10-05T20:20:20.282Z","pid":32583,"hostname":"OB-PC-25-004.local","name":"nightwatch-api","requestId":"162eaf6f-ba06-46d4-8ed4-6f442042b17c","method":"GET","path":"/api/auth/get-session","status":200,"durationMs":3,"msg":"request completed"}
[WebServer] {"level":30,"time":"2026-10-05T20:20:20.289Z","pid":32583,"hostname":"OB-PC-25-004.local","name":"nightwatch-api","requestId":"2785d1de-736d-435a-9af6-3ff1c5f9b9a8","method":"GET","path":"/api/auth/get-session","status":200,"durationMs":2,"msg":"request completed"}
[WebServer] {"level":30,"time":"2026-10-05T20:20:20.296Z","pid":32583,"hostname":"OB-PC-25-004.local","name":"nightwatch-api","requestId":"973b99ec-5fe0-4241-8145-20b74ddff8b4","method":"GET","path":"/api/auth/get-session","status":200,"durationMs":4,"msg":"request completed"}
[WebServer] {"level":30,"time":"2026-10-05T20:20:20.301Z","pid":32583,"hostname":"OB-PC-25-004.local","name":"nightwatch-api","requestId":"be7a0ca2-3069-472d-a273-56176146cc4c","method":"GET","path":"/api/me/context","status":200,"durationMs":2,"msg":"request completed"}
[WebServer] {"level":30,"time":"2026-10-05T20:20:20.317Z","pid":32583,"hostname":"OB-PC-25-004.local","name":"nightwatch-api","requestId":"8b5757cd-9dd5-4497-852d-e49fd7dc1ce2","method":"GET","path":"/api/organizations/:organizationId/monitors","status":200,"durationMs":13,"msg":"request completed"}
[WebServer] {"level":30,"time":"2026-10-05T20:20:20.508Z","pid":32583,"hostname":"OB-PC-25-004.local","name":"nightwatch-api","requestId":"3ed83cc7-d172-4a3e-8731-462f00fb0106","method":"GET","path":"/api/auth/get-session","status":200,"durationMs":4,"msg":"request completed"}
[WebServer] {"level":30,"time":"2026-10-05T20:20:20.532Z","pid":32583,"hostname":"OB-PC-25-004.local","name":"nightwatch-api","requestId":"6ff87627-8f1a-427d-9b77-3635d438c0f7","method":"GET","path":"/api/me/context","status":200,"durationMs":5,"msg":"request completed"}
[WebServer] {"level":30,"time":"2026-10-05T20:20:20.547Z","pid":32583,"hostname":"OB-PC-25-004.local","name":"nightwatch-api","requestId":"d25d500d-45ee-48ba-97ec-943108006bcd","method":"GET","path":"/api/organizations/:organizationId/monitors","status":200,"durationMs":14,"msg":"request completed"}
[WebServer] {"level":30,"time":"2026-10-05T20:20:20.557Z","pid":32583,"hostname":"OB-PC-25-004.local","name":"nightwatch-api","requestId":"ba1ceb89-dbf2-44c3-9774-19a256d81b69","method":"GET","path":"/api/auth/get-session","status":200,"durationMs":2,"msg":"request completed"}
[WebServer] {"level":30,"time":"2026-10-05T20:20:20.588Z","pid":32583,"hostname":"OB-PC-25-004.local","name":"nightwatch-api","requestId":"67f39984-c2bc-42dc-85ea-e76e1d12bf71","method":"GET","path":"/api/organizations/:organizationId/monitors/recent-events","status":200,"durationMs":7,"msg":"request completed"}
[WebServer] {"level":30,"time":"2026-10-05T20:20:20.590Z","pid":32583,"hostname":"OB-PC-25-004.local","name":"nightwatch-api","requestId":"78ee0536-be1e-4a87-ab44-03b9ffd54ab6","method":"GET","path":"/api/notifications/unread-count","status":200,"durationMs":11,"msg":"request completed"}
[WebServer] {"level":30,"time":"2026-10-05T20:20:20.591Z","pid":32583,"hostname":"OB-PC-25-004.local","name":"nightwatch-api","requestId":"0a97b7d0-ec9a-4d7b-a58d-2ca908c88bba","method":"GET","path":"/api/organizations/:organizationId/monitors","status":200,"durationMs":11,"msg":"request completed"}
  ✓   6 [chromium] › e2e/tests/monitors-list-sort-view.spec.ts:423:7 › screenshots and layout, light theme › 640 px viewport (LAY-02) › section 01: long issuer wraps in the 170 px column, no sideways scroll (805ms)
[WebServer] {"level":30,"time":"2026-10-05T20:20:20.933Z","pid":32583,"hostname":"OB-PC-25-004.local","name":"nightwatch-api","requestId":"d23edfb8-ca67-4744-87d8-7f952a610dea","method":"GET","path":"/api/auth/get-session","status":200,"durationMs":1,"msg":"request completed"}
[WebServer] {"level":30,"time":"2026-10-05T20:20:20.955Z","pid":32583,"hostname":"OB-PC-25-004.local","name":"nightwatch-api","requestId":"c37eac91-0dc5-4903-8993-cda5d88c551a","method":"GET","path":"/api/auth/get-session","status":200,"durationMs":0,"msg":"request completed"}
[WebServer] {"level":30,"time":"2026-10-05T20:20:21.072Z","pid":32583,"hostname":"OB-PC-25-004.local","name":"nightwatch-api","requestId":"279457b4-252b-4415-9084-bf53ecd7cf35","method":"POST","path":"/api/auth/sign-in/email","status":200,"durationMs":36,"msg":"request completed"}
[WebServer] {"level":30,"time":"2026-10-05T20:20:21.089Z","pid":32583,"hostname":"OB-PC-25-004.local","name":"nightwatch-api","requestId":"17b41ded-7464-40ce-baf8-d669e0760aa1","method":"GET","path":"/api/auth/get-session","status":200,"durationMs":2,"msg":"request completed"}
[WebServer] {"level":30,"time":"2026-10-05T20:20:21.096Z","pid":32583,"hostname":"OB-PC-25-004.local","name":"nightwatch-api","requestId":"52f4ca17-2038-4ff8-ac2a-6371d5a504c1","method":"GET","path":"/api/auth/get-session","status":200,"durationMs":2,"msg":"request completed"}
[WebServer] {"level":30,"time":"2026-10-05T20:20:21.100Z","pid":32583,"hostname":"OB-PC-25-004.local","name":"nightwatch-api","requestId":"3380cf38-7741-4874-b71e-1d03d6b2bc19","method":"GET","path":"/api/auth/get-session","status":200,"durationMs":2,"msg":"request completed"}
[WebServer] {"level":30,"time":"2026-10-05T20:20:21.105Z","pid":32583,"hostname":"OB-PC-25-004.local","name":"nightwatch-api","requestId":"c98161aa-0fee-403c-9531-fe68856becb1","method":"GET","path":"/api/me/context","status":200,"durationMs":2,"msg":"request completed"}
[WebServer] {"level":30,"time":"2026-10-05T20:20:21.114Z","pid":32583,"hostname":"OB-PC-25-004.local","name":"nightwatch-api","requestId":"c159d50d-77cd-48f5-87e6-c2bf043d5c8a","method":"GET","path":"/api/organizations/:organizationId/monitors","status":200,"durationMs":6,"msg":"request completed"}
[WebServer] {"level":30,"time":"2026-10-05T20:20:21.302Z","pid":32583,"hostname":"OB-PC-25-004.local","name":"nightwatch-api","requestId":"b60f7fa2-3971-454b-a02c-1843a30cec41","method":"GET","path":"/api/auth/get-session","status":200,"durationMs":3,"msg":"request completed"}
[WebServer] {"level":30,"time":"2026-10-05T20:20:21.324Z","pid":32583,"hostname":"OB-PC-25-004.local","name":"nightwatch-api","requestId":"7e4c490c-ccbe-48f3-8976-ead1cec50ea1","method":"GET","path":"/api/me/context","status":200,"durationMs":3,"msg":"request completed"}
[WebServer] {"level":30,"time":"2026-10-05T20:20:21.343Z","pid":32583,"hostname":"OB-PC-25-004.local","name":"nightwatch-api","requestId":"7145fb6f-169a-458f-8d1f-dce19690b8fc","method":"GET","path":"/api/organizations/:organizationId/monitors","status":200,"durationMs":16,"msg":"request completed"}
[WebServer] {"level":30,"time":"2026-10-05T20:20:21.354Z","pid":32583,"hostname":"OB-PC-25-004.local","name":"nightwatch-api","requestId":"f6570b34-3e47-4fdd-94dd-2e98ee4fff5a","method":"GET","path":"/api/auth/get-session","status":200,"durationMs":2,"msg":"request completed"}
[WebServer] {"level":30,"time":"2026-10-05T20:20:21.387Z","pid":32583,"hostname":"OB-PC-25-004.local","name":"nightwatch-api","requestId":"1b437530-18b0-481d-ae16-4a316eda6bec","method":"GET","path":"/api/organizations/:organizationId/monitors/recent-events","status":200,"durationMs":11,"msg":"request completed"}
[WebServer] {"level":30,"time":"2026-10-05T20:20:21.387Z","pid":32583,"hostname":"OB-PC-25-004.local","name":"nightwatch-api","requestId":"f58ad287-8fc1-4f20-bae8-f0c077f1ac79","method":"GET","path":"/api/notifications/unread-count","status":200,"durationMs":12,"msg":"request completed"}
  ✓   7 [chromium] › e2e/tests/monitors-list-sort-view.spec.ts:394:5 › screenshots and layout, dark theme › Table and Cards at desktop width (906ms)
[WebServer] {"level":30,"time":"2026-10-05T20:20:21.836Z","pid":32583,"hostname":"OB-PC-25-004.local","name":"nightwatch-api","requestId":"29396254-e68a-46b0-aa1c-b78d7d6e3b55","method":"GET","path":"/api/auth/get-session","status":200,"durationMs":1,"msg":"request completed"}
[WebServer] {"level":30,"time":"2026-10-05T20:20:21.861Z","pid":32583,"hostname":"OB-PC-25-004.local","name":"nightwatch-api","requestId":"0ba58d7c-bdee-4fe1-bded-72d91a74ef48","method":"GET","path":"/api/auth/get-session","status":200,"durationMs":0,"msg":"request completed"}
[WebServer] {"level":30,"time":"2026-10-05T20:20:21.980Z","pid":32583,"hostname":"OB-PC-25-004.local","name":"nightwatch-api","requestId":"dd4d705b-12e4-4c58-bc8e-f9405f202ca5","method":"POST","path":"/api/auth/sign-in/email","status":200,"durationMs":37,"msg":"request completed"}
[WebServer] {"level":30,"time":"2026-10-05T20:20:21.998Z","pid":32583,"hostname":"OB-PC-25-004.local","name":"nightwatch-api","requestId":"9e748c00-83c7-49bb-97b3-fde98f5e335d","method":"GET","path":"/api/auth/get-session","status":200,"durationMs":3,"msg":"request completed"}
[WebServer] {"level":30,"time":"2026-10-05T20:20:22.005Z","pid":32583,"hostname":"OB-PC-25-004.local","name":"nightwatch-api","requestId":"fbbf7a06-be7a-406d-8033-e34966451549","method":"GET","path":"/api/auth/get-session","status":200,"durationMs":2,"msg":"request completed"}
[WebServer] {"level":30,"time":"2026-10-05T20:20:22.011Z","pid":32583,"hostname":"OB-PC-25-004.local","name":"nightwatch-api","requestId":"385effd6-83aa-4167-9307-4a79a0739216","method":"GET","path":"/api/auth/get-session","status":200,"durationMs":4,"msg":"request completed"}
[WebServer] {"level":30,"time":"2026-10-05T20:20:22.017Z","pid":32583,"hostname":"OB-PC-25-004.local","name":"nightwatch-api","requestId":"fd55c45d-96c0-4cda-823f-c76547ae4878","method":"GET","path":"/api/me/context","status":200,"durationMs":3,"msg":"request completed"}
[WebServer] {"level":30,"time":"2026-10-05T20:20:22.033Z","pid":32583,"hostname":"OB-PC-25-004.local","name":"nightwatch-api","requestId":"aae74c1e-3201-48e6-820e-04e2e6c94158","method":"GET","path":"/api/organizations/:organizationId/monitors","status":200,"durationMs":13,"msg":"request completed"}
[WebServer] {"level":30,"time":"2026-10-05T20:20:22.219Z","pid":32583,"hostname":"OB-PC-25-004.local","name":"nightwatch-api","requestId":"db68cf7a-e53e-43ea-b0f6-e87d64fb1ee7","method":"GET","path":"/api/auth/get-session","status":200,"durationMs":4,"msg":"request completed"}
[WebServer] {"level":30,"time":"2026-10-05T20:20:22.241Z","pid":32583,"hostname":"OB-PC-25-004.local","name":"nightwatch-api","requestId":"f6a44457-ef0b-4039-9917-a5bcb298eeab","method":"GET","path":"/api/me/context","status":200,"durationMs":3,"msg":"request completed"}
[WebServer] {"level":30,"time":"2026-10-05T20:20:22.256Z","pid":32583,"hostname":"OB-PC-25-004.local","name":"nightwatch-api","requestId":"7fcf4761-a719-4007-957a-c76bbeaaf21a","method":"GET","path":"/api/organizations/:organizationId/monitors","status":200,"durationMs":13,"msg":"request completed"}
[WebServer] {"level":30,"time":"2026-10-05T20:20:22.267Z","pid":32583,"hostname":"OB-PC-25-004.local","name":"nightwatch-api","requestId":"e2f6ca15-73be-436a-9f56-34576ecdda6f","method":"GET","path":"/api/auth/get-session","status":200,"durationMs":3,"msg":"request completed"}
[WebServer] {"level":30,"time":"2026-10-05T20:20:22.279Z","pid":32583,"hostname":"OB-PC-25-004.local","name":"nightwatch-api","requestId":"7921f0bb-22ae-4b79-acac-6ab9f3a9ffca","method":"GET","path":"/api/organizations/:organizationId/monitors/recent-events","status":200,"durationMs":6,"msg":"request completed"}
[WebServer] {"level":30,"time":"2026-10-05T20:20:22.280Z","pid":32583,"hostname":"OB-PC-25-004.local","name":"nightwatch-api","requestId":"07f6407c-1068-4408-acf7-70b7e2844703","method":"GET","path":"/api/notifications/unread-count","status":200,"durationMs":8,"msg":"request completed"}
[WebServer] {"level":30,"time":"2026-10-05T20:20:22.281Z","pid":32583,"hostname":"OB-PC-25-004.local","name":"nightwatch-api","requestId":"b94dcb6c-ac8e-4874-b0d2-e70bdc745539","method":"GET","path":"/api/organizations/:organizationId/monitors","status":200,"durationMs":9,"msg":"request completed"}
  ✓   8 [chromium] › e2e/tests/monitors-list-sort-view.spec.ts:404:5 › screenshots and layout, dark theme › section 01 at desktop width (821ms)
[WebServer] {"level":30,"time":"2026-10-05T20:20:22.672Z","pid":32583,"hostname":"OB-PC-25-004.local","name":"nightwatch-api","requestId":"faf8b79e-09be-406c-b5ce-a0da2f4afade","method":"GET","path":"/api/auth/get-session","status":200,"durationMs":1,"msg":"request completed"}
[WebServer] {"level":30,"time":"2026-10-05T20:20:22.694Z","pid":32583,"hostname":"OB-PC-25-004.local","name":"nightwatch-api","requestId":"34f8b79d-d953-42e0-86f1-232e86bd340a","method":"GET","path":"/api/auth/get-session","status":200,"durationMs":0,"msg":"request completed"}
[WebServer] {"level":30,"time":"2026-10-05T20:20:22.807Z","pid":32583,"hostname":"OB-PC-25-004.local","name":"nightwatch-api","requestId":"0efeaa20-9013-4567-a5da-4850a8792859","method":"POST","path":"/api/auth/sign-in/email","status":200,"durationMs":37,"msg":"request completed"}
[WebServer] {"level":30,"time":"2026-10-05T20:20:22.826Z","pid":32583,"hostname":"OB-PC-25-004.local","name":"nightwatch-api","requestId":"236a172b-ac66-4319-9c90-6e7dd98744bd","method":"GET","path":"/api/auth/get-session","status":200,"durationMs":4,"msg":"request completed"}
[WebServer] {"level":30,"time":"2026-10-05T20:20:22.834Z","pid":32583,"hostname":"OB-PC-25-004.local","name":"nightwatch-api","requestId":"38389b12-8f4a-48d3-8fb2-b08e386f0620","method":"GET","path":"/api/auth/get-session","status":200,"durationMs":3,"msg":"request completed"}
[WebServer] {"level":30,"time":"2026-10-05T20:20:22.839Z","pid":32583,"hostname":"OB-PC-25-004.local","name":"nightwatch-api","requestId":"1e0786a7-8638-4703-94b9-163ef9e10454","method":"GET","path":"/api/auth/get-session","status":200,"durationMs":2,"msg":"request completed"}
[WebServer] {"level":30,"time":"2026-10-05T20:20:22.845Z","pid":32583,"hostname":"OB-PC-25-004.local","name":"nightwatch-api","requestId":"ad0f9595-2ddf-45e0-bb8a-f484686bcbbc","method":"GET","path":"/api/me/context","status":200,"durationMs":3,"msg":"request completed"}
[WebServer] {"level":30,"time":"2026-10-05T20:20:22.862Z","pid":32583,"hostname":"OB-PC-25-004.local","name":"nightwatch-api","requestId":"0efdcb5f-f075-47c5-8fe5-454f401b43c2","method":"GET","path":"/api/organizations/:organizationId/monitors","status":200,"durationMs":15,"msg":"request completed"}
[WebServer] {"level":30,"time":"2026-10-05T20:20:23.050Z","pid":32583,"hostname":"OB-PC-25-004.local","name":"nightwatch-api","requestId":"f40e4f1e-e71d-4abf-902c-1b172eb6bd24","method":"GET","path":"/api/auth/get-session","status":200,"durationMs":4,"msg":"request completed"}
[WebServer] {"level":30,"time":"2026-10-05T20:20:23.073Z","pid":32583,"hostname":"OB-PC-25-004.local","name":"nightwatch-api","requestId":"9488e812-cc1d-44ee-a20e-ddb3479fd25b","method":"GET","path":"/api/me/context","status":200,"durationMs":5,"msg":"request completed"}
[WebServer] {"level":30,"time":"2026-10-05T20:20:23.090Z","pid":32583,"hostname":"OB-PC-25-004.local","name":"nightwatch-api","requestId":"9c27986e-f0fe-46bc-80f2-34ddc2890d7b","method":"GET","path":"/api/organizations/:organizationId/monitors","status":200,"durationMs":15,"msg":"request completed"}
[WebServer] {"level":30,"time":"2026-10-05T20:20:23.100Z","pid":32583,"hostname":"OB-PC-25-004.local","name":"nightwatch-api","requestId":"da10062f-a00b-446b-b68d-418ff5b9bfd5","method":"GET","path":"/api/auth/get-session","status":200,"durationMs":2,"msg":"request completed"}
[WebServer] {"level":30,"time":"2026-10-05T20:20:23.129Z","pid":32583,"hostname":"OB-PC-25-004.local","name":"nightwatch-api","requestId":"0c6458aa-8830-4a56-a233-c302c0d104ab","method":"GET","path":"/api/organizations/:organizationId/monitors/recent-events","status":200,"durationMs":7,"msg":"request completed"}
[WebServer] {"level":30,"time":"2026-10-05T20:20:23.130Z","pid":32583,"hostname":"OB-PC-25-004.local","name":"nightwatch-api","requestId":"6aca7a6a-8f30-455e-a34c-d63b32f42d84","method":"GET","path":"/api/notifications/unread-count","status":200,"durationMs":9,"msg":"request completed"}
  ✓   9 [chromium] › e2e/tests/monitors-list-sort-view.spec.ts:416:7 › screenshots and layout, dark theme › 640 px viewport (LAY-02) › Table: page does not scroll sideways (833ms)
[WebServer] {"level":30,"time":"2026-10-05T20:20:23.508Z","pid":32583,"hostname":"OB-PC-25-004.local","name":"nightwatch-api","requestId":"f1ef8b3c-95cc-46cb-82fd-87bb41966c76","method":"GET","path":"/api/auth/get-session","status":200,"durationMs":1,"msg":"request completed"}
[WebServer] {"level":30,"time":"2026-10-05T20:20:23.531Z","pid":32583,"hostname":"OB-PC-25-004.local","name":"nightwatch-api","requestId":"5d983e3c-9f1d-40a6-824d-c9319898e17b","method":"GET","path":"/api/auth/get-session","status":200,"durationMs":0,"msg":"request completed"}
[WebServer] {"level":30,"time":"2026-10-05T20:20:23.649Z","pid":32583,"hostname":"OB-PC-25-004.local","name":"nightwatch-api","requestId":"25b154b8-cb22-4f3c-8e47-ffc0028e7ce2","method":"POST","path":"/api/auth/sign-in/email","status":200,"durationMs":37,"msg":"request completed"}
[WebServer] {"level":30,"time":"2026-10-05T20:20:23.667Z","pid":32583,"hostname":"OB-PC-25-004.local","name":"nightwatch-api","requestId":"ad61572f-6122-4045-96e6-7b21d40c770c","method":"GET","path":"/api/auth/get-session","status":200,"durationMs":3,"msg":"request completed"}
[WebServer] {"level":30,"time":"2026-10-05T20:20:23.674Z","pid":32583,"hostname":"OB-PC-25-004.local","name":"nightwatch-api","requestId":"3fc5c2b7-d16f-447b-a769-84b13a78dee0","method":"GET","path":"/api/auth/get-session","status":200,"durationMs":2,"msg":"request completed"}
[WebServer] {"level":30,"time":"2026-10-05T20:20:23.680Z","pid":32583,"hostname":"OB-PC-25-004.local","name":"nightwatch-api","requestId":"53428056-fbd3-46f1-b735-4ce607768a1d","method":"GET","path":"/api/auth/get-session","status":200,"durationMs":3,"msg":"request completed"}
[WebServer] {"level":30,"time":"2026-10-05T20:20:23.684Z","pid":32583,"hostname":"OB-PC-25-004.local","name":"nightwatch-api","requestId":"71ff40be-fa7a-443f-977c-c4cbb9ec41d9","method":"GET","path":"/api/me/context","status":200,"durationMs":3,"msg":"request completed"}
[WebServer] {"level":30,"time":"2026-10-05T20:20:23.701Z","pid":32583,"hostname":"OB-PC-25-004.local","name":"nightwatch-api","requestId":"8bdc0417-3f21-42b4-8ea9-785874688ea1","method":"GET","path":"/api/organizations/:organizationId/monitors","status":200,"durationMs":14,"msg":"request completed"}
[WebServer] {"level":30,"time":"2026-10-05T20:20:23.886Z","pid":32583,"hostname":"OB-PC-25-004.local","name":"nightwatch-api","requestId":"74fd375d-8c46-4723-b420-93979bdacade","method":"GET","path":"/api/auth/get-session","status":200,"durationMs":3,"msg":"request completed"}
[WebServer] {"level":30,"time":"2026-10-05T20:20:23.912Z","pid":32583,"hostname":"OB-PC-25-004.local","name":"nightwatch-api","requestId":"5297460f-25fe-49d7-867d-a0022813eac1","method":"GET","path":"/api/me/context","status":200,"durationMs":4,"msg":"request completed"}
[WebServer] {"level":30,"time":"2026-10-05T20:20:23.926Z","pid":32583,"hostname":"OB-PC-25-004.local","name":"nightwatch-api","requestId":"79e203dd-eccf-46dd-ba01-a5bd26b9c3fd","method":"GET","path":"/api/organizations/:organizationId/monitors","status":200,"durationMs":11,"msg":"request completed"}
[WebServer] {"level":30,"time":"2026-10-05T20:20:23.936Z","pid":32583,"hostname":"OB-PC-25-004.local","name":"nightwatch-api","requestId":"c4831a9b-5c29-4e13-852d-9b4f79f5303c","method":"GET","path":"/api/auth/get-session","status":200,"durationMs":2,"msg":"request completed"}
[WebServer] {"level":30,"time":"2026-10-05T20:20:23.962Z","pid":32583,"hostname":"OB-PC-25-004.local","name":"nightwatch-api","requestId":"6e88def9-d59b-4df9-80f9-1af1263c6795","method":"GET","path":"/api/organizations/:organizationId/monitors/recent-events","status":200,"durationMs":9,"msg":"request completed"}
[WebServer] {"level":30,"time":"2026-10-05T20:20:23.963Z","pid":32583,"hostname":"OB-PC-25-004.local","name":"nightwatch-api","requestId":"6fc3d28b-38d8-4acf-94cf-3b9667969a78","method":"GET","path":"/api/notifications/unread-count","status":200,"durationMs":11,"msg":"request completed"}
[WebServer] {"level":30,"time":"2026-10-05T20:20:23.965Z","pid":32583,"hostname":"OB-PC-25-004.local","name":"nightwatch-api","requestId":"56441d54-c063-4fec-a1aa-cf4d147af38f","method":"GET","path":"/api/organizations/:organizationId/monitors","status":200,"durationMs":13,"msg":"request completed"}
  ✓  10 [chromium] › e2e/tests/monitors-list-sort-view.spec.ts:423:7 › screenshots and layout, dark theme › 640 px viewport (LAY-02) › section 01: long issuer wraps in the 170 px column, no sideways scroll (789ms)
[WebServer] {"level":30,"time":"2026-10-05T20:20:24.093Z","pid":32580,"hostname":"OB-PC-25-004.local","name":"nightwatch-worker","signal":"SIGTERM","msg":"worker shutdown requested"}
[WebServer] {"level":30,"time":"2026-10-05T20:20:24.093Z","pid":32580,"hostname":"OB-PC-25-004.local","name":"nightwatch-worker","msg":"monitor scheduler stopped"}
[WebServer] {"level":30,"time":"2026-10-05T20:20:24.093Z","pid":32580,"hostname":"OB-PC-25-004.local","name":"nightwatch-worker","msg":"audit exporter stopped"}

  10 passed (13.3s)
