$ bun run --cwd e2e test monitors-access.spec.ts
$ playwright test monitors-access.spec.ts

Running 18 tests using 1 worker

  ✓   1 [chromium] › tests/monitors-access.spec.ts:100:5 › role x screen table (AC-02, AC-03) › owner: Overview, Detail, new and edit screens (4.1s)
  ✓   2 [chromium] › tests/monitors-access.spec.ts:100:5 › role x screen table (AC-02, AC-03) › admin: Overview, Detail, new and edit screens (2.5s)
  ✓   3 [chromium] › tests/monitors-access.spec.ts:100:5 › role x screen table (AC-02, AC-03) › viewer: Overview, Detail, new and edit screens (1.9s)
  ✓   4 [chromium] › tests/monitors-access.spec.ts:100:5 › role x screen table (AC-02, AC-03) › auditor: Overview, Detail, new and edit screens (2.1s)
  ✓   5 [chromium] › tests/monitors-access.spec.ts:149:3 › role x screen table (AC-02, AC-03) › non-member sees a denied state and no monitor data (1.5s)
  ✓   6 [chromium] › tests/monitors-access.spec.ts:179:3 › two sessions change the role (AC-49) › form, Detail and dialog refuse after a demotion and keep typed values (3.2s)
  ✓   7 [chromium] › tests/monitors-access.spec.ts:267:3 › two sessions change the role (AC-49) › removal while Detail and the form are open leaves no data behind (2.4s)
  ✓   8 [chromium] › tests/monitors-access.spec.ts:314:3 › two sessions change the role (AC-49) › Organization switch on the Edit page leaves it for the new Organization (1.7s)
  ✓   9 [chromium] › tests/monitors-access.spec.ts:374:5 › keyboard and screen structure, light theme (AC-20 to AC-23) › Overview: Tab order, filter announcement, table name, status words (1.8s)
  ✓  10 [chromium] › tests/monitors-access.spec.ts:419:5 › keyboard and screen structure, light theme (AC-20 to AC-23) › Form: first invalid field takes focus, errors are described, Test keeps focus, radiogroup uses arrows, rows are named (1.5s)
  ✓  11 [chromium] › tests/monitors-access.spec.ts:480:5 › keyboard and screen structure, light theme (AC-20 to AC-23) › Detail: headings in order, chart table, Delete dialog focus, Pause keeps focus (2.0s)
  ✓  12 [chromium] › tests/monitors-access.spec.ts:530:5 › keyboard and screen structure, light theme (AC-20 to AC-23) › Delete confirm returns focus to the Overview heading (989ms)
  ✓  13 [chromium] › tests/monitors-access.spec.ts:374:5 › keyboard and screen structure, dark theme (AC-20 to AC-23) › Overview: Tab order, filter announcement, table name, status words (1.6s)
  ✓  14 [chromium] › tests/monitors-access.spec.ts:419:5 › keyboard and screen structure, dark theme (AC-20 to AC-23) › Form: first invalid field takes focus, errors are described, Test keeps focus, radiogroup uses arrows, rows are named (957ms)
  ✓  15 [chromium] › tests/monitors-access.spec.ts:480:5 › keyboard and screen structure, dark theme (AC-20 to AC-23) › Detail: headings in order, chart table, Delete dialog focus, Pause keeps focus (989ms)
  ✓  16 [chromium] › tests/monitors-access.spec.ts:530:5 › keyboard and screen structure, dark theme (AC-20 to AC-23) › Delete confirm returns focus to the Overview heading (885ms)
  ✓  17 [chromium] › tests/monitors-access.spec.ts:553:5 › reflow at 200% (640 px viewport, LAY-02) › light: no sideways page scroll, actions and labels remain (1.4s)
  ✓  18 [chromium] › tests/monitors-access.spec.ts:553:5 › reflow at 200% (640 px viewport, LAY-02) › dark: no sideways page scroll, actions and labels remain (1.5s)

  18 passed (45.4s)
EXIT 0
