  ✓   2 [chromium] › tests/hello.spec.ts:4:3 › hello journey › API serves the typed greeting at its intended endpoint
  ✓   6 [chromium] › tests/hello.spec.ts:19:3 › hello journey › SPA root bounces anonymous visitors to the login entry
  ✓   1 [chromium] › tests/auth-entry.spec.ts:4:3 › public auth entry › login page renders the email/password form in Thai
  ✓   7 [chromium] › tests/auth-entry.spec.ts:19:3 › public auth entry › invalid login stays client-side with accessible field errors
  ✓   8 [chromium] › tests/auth-entry.spec.ts:53:3 › public auth entry › forgot-password page is reachable from login
  ✓   3 [chromium] › tests/monitors.spec.ts:99:1 › owner tests a config before saving, sees pass and a failing target, then saves
  ✓   9 [chromium] › tests/auth-entry.spec.ts:62:3 › public auth entry › an invalid invitation link fails safely without tenant data
  ✓  12 [chromium] › tests/settings.spec.ts:27:3 › public entry › anonymous visits bounce to login carrying the intended tab
  ✓   4 [chromium] › tests/monitors-access.spec.ts:100:5 › role x screen table (AC-02, AC-03) › owner: Overview, Detail, new and edit screens
  ✓   5 [chromium] › tests/monitors-states.spec.ts:91:5 › AC-01 leaf in the sidebar and the command palette › owner: leaf is present, active on every sub-route, found by the palette
  ✓  13 [chromium] › tests/settings.spec.ts:34:3 › public entry › anonymous /settings carries the first tab (deepest redirect wins)
  -  16 [chromium] › tests/settings.spec.ts:90:3 › signed-in settings › every tab has its own URL, the strip marks it, and the shell links there
  -  17 [chromium] › tests/settings.spec.ts:132:3 › signed-in settings › settings tabs reflow without horizontal or vertical overflow and retain labels, underline, and keyboard focus
  -  18 [chromium] › tests/settings.spec.ts:305:3 › signed-in settings › MFA can be enabled with a real TOTP and disabled again
  -  19 [chromium] › tests/settings.spec.ts:492:3 › signed-in settings › password change signs other devices out and is reverted
  ✓  11 [chromium] › tests/monitors.spec.ts:132:1 › owner sees the first result within a scheduler poll
  ✓  14 [chromium] › tests/monitors-access.spec.ts:100:5 › role x screen table (AC-02, AC-03) › admin: Overview, Detail, new and edit screens
  ✓  15 [chromium] › tests/monitors-states.spec.ts:91:5 › AC-01 leaf in the sidebar and the command palette › admin: leaf is present, active on every sub-route, found by the palette
  ✓  21 [chromium] › tests/monitors-access.spec.ts:100:5 › role x screen table (AC-02, AC-03) › viewer: Overview, Detail, new and edit screens
  ✓  22 [chromium] › tests/monitors-states.spec.ts:91:5 › AC-01 leaf in the sidebar and the command palette › viewer: leaf is present, active on every sub-route, found by the palette
  ✓  23 [chromium] › tests/monitors-access.spec.ts:100:5 › role x screen table (AC-02, AC-03) › auditor: Overview, Detail, new and edit screens
  ✓  24 [chromium] › tests/monitors-states.spec.ts:91:5 › AC-01 leaf in the sidebar and the command palette › auditor: leaf is present, active on every sub-route, found by the palette
  ✓  25 [chromium] › tests/monitors-access.spec.ts:149:3 › role x screen table (AC-02, AC-03) › non-member sees a denied state and no monitor data
  ✓  20 [chromium] › tests/monitors.spec.ts:147:1 › owner pauses, resumes and deletes the monitor
  ✓  28 [chromium] › tests/monitors.spec.ts:184:1 › viewer reads Overview and Detail and sees no action
  ✓  27 [chromium] › tests/monitors-access.spec.ts:167:3 › two sessions change the role (AC-49) › form, Detail and dialog refuse after a demotion and keep typed values
  ✓  30 [chromium] › tests/monitors-access.spec.ts:252:3 › two sessions change the role (AC-49) › removal while Detail and the form are open leaves no data behind
  ✓  29 [chromium] › tests/monitors.spec.ts:222:1 › Organization switch leaves Overview, Detail and the form for the new Organization
  ✓  31 [chromium] › tests/monitors-access.spec.ts:284:3 › two sessions change the role (AC-49) › Organization switch on the Edit page leaves it for the new Organization
  ✓  33 [chromium] › tests/monitors-access.spec.ts:344:5 › keyboard and screen structure, light theme (AC-20 to AC-23) › Overview: Tab order, filter announcement, table name, status words
  ✓  34 [chromium] › tests/monitors-access.spec.ts:389:5 › keyboard and screen structure, light theme (AC-20 to AC-23) › Form: first invalid field takes focus, errors are described, Test keeps focus, radiogroup uses arrows, rows are named
  ✓  35 [chromium] › tests/monitors-access.spec.ts:450:5 › keyboard and screen structure, light theme (AC-20 to AC-23) › Detail: headings in order, chart table, Delete dialog focus, Pause keeps focus
  ✓  36 [chromium] › tests/monitors-access.spec.ts:500:5 › keyboard and screen structure, light theme (AC-20 to AC-23) › Delete confirm returns focus to the Overview heading
  ✓  37 [chromium] › tests/monitors-access.spec.ts:344:5 › keyboard and screen structure, dark theme (AC-20 to AC-23) › Overview: Tab order, filter announcement, table name, status words
  ✓  38 [chromium] › tests/monitors-access.spec.ts:389:5 › keyboard and screen structure, dark theme (AC-20 to AC-23) › Form: first invalid field takes focus, errors are described, Test keeps focus, radiogroup uses arrows, rows are named
  ✓  39 [chromium] › tests/monitors-access.spec.ts:450:5 › keyboard and screen structure, dark theme (AC-20 to AC-23) › Detail: headings in order, chart table, Delete dialog focus, Pause keeps focus
  ✓  26 [chromium] › tests/monitors-states.spec.ts:119:3 › AC-04 Overview states › first-run empty, filtered empty, loading, error with retry, stale warning
  ✓  40 [chromium] › tests/monitors-access.spec.ts:500:5 › keyboard and screen structure, dark theme (AC-20 to AC-23) › Delete confirm returns focus to the Overview heading
  ✓  41 [chromium] › tests/monitors-states.spec.ts:181:3 › AC-06, AC-07, AC-09, AC-10 create form › defaults, mode switch keeps values, validation beside the field, one monitor on a double click
  ✓  43 [chromium] › tests/monitors-states.spec.ts:230:3 › AC-06, AC-07, AC-09, AC-10 create form › a forbidden address is refused beside the URL field without any connection
  ✓  44 [chromium] › tests/monitors-states.spec.ts:253:3 › AC-06, AC-07, AC-09, AC-10 create form › timeout and unresolvable host show their own messages, apart from the target's result
  ✓  42 [chromium] › tests/monitors-access.spec.ts:523:5 › reflow at 200% (640 px viewport, LAY-02) › light: no sideways page scroll, actions and labels remain
  ✓  45 [chromium] › tests/monitors-states.spec.ts:279:3 › AC-18, AC-40, AC-50 edit, change and races › a concurrent edit shows the conflict and keeps typed values (AC-18)
  ✓  46 [chromium] › tests/monitors-access.spec.ts:523:5 › reflow at 200% (640 px viewport, LAY-02) › dark: no sideways page scroll, actions and labels remain
  ✓  47 [chromium] › tests/monitors-states.spec.ts:315:3 › AC-18, AC-40, AC-50 edit, change and races › an id of another Organization reads as not found on Detail and Edit (AC-18, AC-48)
  ✓  10 [chromium] › tests/notifications.spec.ts:473:1 › password-change notification is materialized, scope switches across organizations, and notification surfaces remain usable at 200% zoom
  ✓  49 [chromium] › tests/notifications.spec.ts:655:1 › notification center distinguishes loading, content, empty, denied, and failure from real responses
  ✓  50 [chromium] › tests/notifications.spec.ts:762:1 › deferred notification responses cannot cross confirmed organization or identity boundaries
  ✓  51 [chromium] › tests/notifications.spec.ts:988:1 › Center reaches an unread twenty-first item and reauthorizes expired or deleted detail on reload
  ✓  48 [chromium] › tests/monitors-states.spec.ts:330:3 › AC-18, AC-40, AC-50 edit, change and races › editing the URL shows unknown until the new configuration has a result (AC-40)
  ✓  52 [chromium] › tests/monitors-states.spec.ts:360:3 › AC-18, AC-40, AC-50 edit, change and races › deleting a monitor that another session deleted goes to Overview with the notice (AC-50)
  ✓  53 [chromium] › tests/monitors-states.spec.ts:383:3 › AC-18, AC-40, AC-50 edit, change and races › a Detail left open shows not found after the monitor is deleted elsewhere (AC-50)
  ✓  54 [chromium] › tests/monitors-states.spec.ts:404:1 › AC-11 the Test limit shows the wait from the server and disables the button
  ✓  55 [chromium] › tests/monitors-states.spec.ts:439:3 › AC-25, AC-26, AC-44, AC-47 secrets in the browser › Edit shows set slots, refuses an empty replace, warns on a type change and blocks a new origin
  ✓  56 [chromium] › tests/monitors-states.spec.ts:492:3 › AC-25, AC-26, AC-44, AC-47 secrets in the browser › query and body fields carry the permanent warning (AC-47)
  ✓  57 [chromium] › tests/monitors-states.spec.ts:506:1 › AC-54 a first failing result reads as one failure, not as down
  ✓  58 [chromium] › tests/monitors-states.spec.ts:524:1 › AC-31 an Organization at 50 monitors shows the reason and the API refuses a 51st
  ✓  32 [chromium] › tests/monitors.spec.ts:292:1 › a target that goes down and comes back reaches the inbox once each
  ✓  59 [chromium] › tests/monitors.spec.ts:324:1 › a notification of a deleted monitor stays and its link reads as not found (AC-19, AC-52)
  ✓  60 [chromium] › tests/monitors.spec.ts:352:1 › Resume shows unknown until a new result arrives (AC-19)
  4 skipped
  56 passed
EXIT 0
