clean   3410646 bytes  logs/api.log
clean    110284 bytes  logs/worker.log
clean      7857 bytes  logs/throw-api.log
clean     12916 bytes  logs/throw-worker.log
clean      2027 bytes  logs/worker-restart-after-kill-2.log
clean      2027 bytes  logs/worker-restart-after-kill-3.log
clean       518 bytes  logs/worker-restart-replica-3.log
clean       518 bytes  logs/worker-restart-replica-4.log
clean       501 bytes  logs/worker-restart-resume-1.log
clean       501 bytes  logs/worker-restart-resume-2.log
clean       824 bytes  logs/worker-restart-term-0.log
clean      1562 bytes  logs/worker-restart-term-long-1.log
clean      1648 bytes  logs/worker-restart-term-short-0.log
clean     19616 bytes  e2e-access1.log
clean      8020 bytes  e2e-access2.log
clean      4357 bytes  e2e-access3.log
clean    574758 bytes  e2e-clean.log
clean     15084 bytes  e2e-final.log
clean     12534 bytes  e2e-final2.log
clean     15640 bytes  e2e-final3.log
clean     12995 bytes  e2e-final4.log
clean     22789 bytes  e2e-full1.log
clean      4653 bytes  e2e-run1.log
clean     11754 bytes  e2e-run10.log
clean      2140 bytes  e2e-run11.log
clean      9999 bytes  e2e-run12.log
clean      4853 bytes  e2e-run2.log
clean     22199 bytes  e2e-run3.log
clean      6755 bytes  e2e-run4.log
clean      7364 bytes  e2e-run5.log
clean     12802 bytes  e2e-run6.log
clean      3102 bytes  e2e-run7.log
clean     12856 bytes  e2e-run8.log
clean     13036 bytes  e2e-run9.log
clean      9921 bytes  e2e-states2.log
clean      5873 bytes  e2e-states3.log
clean      3119 bytes  e2e-states4.log
clean      2812 bytes  e2e-states5.log
clean       959 bytes  e2e-states6.log
clean      3906 bytes  e2e-states7.log
clean      1217 bytes  e2e-states8.log
clean       940 bytes  e2e-states9.log
clean       426 bytes  ev/alerts1.log
clean     24128 bytes  ev/all1.log
clean     22832 bytes  ev/final1.log
clean       362 bytes  ev/purge2.log
clean       476 bytes  ev/rate1.log
clean       965 bytes  ev/redis1.log
clean       702 bytes  ev/restart1.log
clean       782 bytes  ev/restart2.log
clean       926 bytes  ev/restart3.log
clean      2204 bytes  ev/rls3.log
clean      1627 bytes  ev/secrets1.log
clean      1700 bytes  ev/secrets2.log
clean      1637 bytes  ev/ssrf1.log
needles: 37 exact values + 7 prefix patterns; files: 55; bytes: 4436649; hits: 0
